// Jest Snapshot v1, https://goo.gl/fbAQLP

exports[`<GridImage /> should render with background 1`] = `
<div>
  <div
    class="sc-dkzDqf iwSUkI"
  >
    <div
      class="sc-gsnTZi cXOEKh"
    >
      <div
        class="sc-eCYdqJ kQcrVV"
      >
        <h2
          class="sc-bczRLJ hGDuJC"
        >
          My Grid
        </h2>
        <p
          class="sc-hKMtZM cAfJHI"
        >
          Lorem ipsum dolor sit amet consectetur adipisicing elit. Ullam fugiat provident, qui sequi est ad, eos
        </p>
        <div
          class="sc-jSMfEi fKFwVY"
        >
          <div
            class="sc-gKXOVf AEGWK"
          >
            <img
              alt="Teste 1"
              class="sc-iBkjds hPLGjR"
              src="https://source.unsplash.com/random/800x800?r=1"
            />
          </div>
          <div
            class="sc-gKXOVf AEGWK"
          >
            <img
              alt="Teste 2"
              class="sc-iBkjds hPLGjR"
              src="https://source.unsplash.com/random/800x800?r=2"
            />
          </div>
          <div
            class="sc-gKXOVf AEGWK"
          >
            <img
              alt="Teste 3"
              class="sc-iBkjds hPLGjR"
              src="https://source.unsplash.com/random/800x800?r=3"
            />
          </div>
          <div
            class="sc-gKXOVf AEGWK"
          >
            <img
              alt="Teste 4"
              class="sc-iBkjds hPLGjR"
              src="https://source.unsplash.com/random/800x800?r=4"
            />
          </div>
          <div
            class="sc-gKXOVf AEGWK"
          >
            <img
              alt="Teste 5"
              class="sc-iBkjds hPLGjR"
              src="https://source.unsplash.com/random/800x800?r=5"
            />
          </div>
          <div
            class="sc-gKXOVf AEGWK"
          >
            <img
              alt="Teste 6"
              class="sc-iBkjds hPLGjR"
              src="https://source.unsplash.com/random/800x800?r=6"
            />
          </div>
        </div>
      </div>
    </div>
  </div>
</div>
`;

exports[`<GridImage /> should render without background 1`] = `
<div>
  <div
    class="sc-dkzDqf iwSUkI"
  >
    <div
      class="sc-gsnTZi cXOEKh"
    >
      <div
        class="sc-eCYdqJ kQcrVV"
      >
        <h2
          class="sc-bczRLJ hGDuJC"
        >
          My Grid
        </h2>
        <p
          class="sc-hKMtZM cAfJHI"
        >
          Lorem ipsum dolor sit amet consectetur adipisicing elit. Ullam fugiat provident, qui sequi est ad, eos
        </p>
        <div
          class="sc-jSMfEi fKFwVY"
        >
          <div
            class="sc-gKXOVf AEGWK"
          >
            <img
              alt="Teste 1"
              class="sc-iBkjds hPLGjR"
              src="https://source.unsplash.com/random/800x800?r=1"
            />
          </div>
          <div
            class="sc-gKXOVf AEGWK"
          >
            <img
              alt="Teste 2"
              class="sc-iBkjds hPLGjR"
              src="https://source.unsplash.com/random/800x800?r=2"
            />
          </div>
          <div
            class="sc-gKXOVf AEGWK"
          >
            <img
              alt="Teste 3"
              class="sc-iBkjds hPLGjR"
              src="https://source.unsplash.com/random/800x800?r=3"
            />
          </div>
          <div
            class="sc-gKXOVf AEGWK"
          >
            <img
              alt="Teste 4"
              class="sc-iBkjds hPLGjR"
              src="https://source.unsplash.com/random/800x800?r=4"
            />
          </div>
          <div
            class="sc-gKXOVf AEGWK"
          >
            <img
              alt="Teste 5"
              class="sc-iBkjds hPLGjR"
              src="https://source.unsplash.com/random/800x800?r=5"
            />
          </div>
          <div
            class="sc-gKXOVf AEGWK"
          >
            <img
              alt="Teste 6"
              class="sc-iBkjds hPLGjR"
              src="https://source.unsplash.com/random/800x800?r=6"
            />
          </div>
        </div>
      </div>
    </div>
  </div>
</div>
`;
